packages/babel-preset-marko/test/fixtures-html/error-event-handler-missing-args/template.marko(1,5): Event handler is missing arguments.
> 1 | <div onClick()/>
    |     ^^^^^^