packages/babel-plugin-marko/test/fixtures/error-style-block-root-only/template.marko(2,3): "style" tags must be at the root of your Marko template.
  1 | <div>
> 2 |   <style { div { color: green; } }/>
    |   ^^^^^^
  3 | </div>