packages/babel-plugin-marko/test/fixtures/error-at-tags-missing-parent/template.marko(9,5): @tags must be within a custom element.
   7 |     Body content
   8 | 
>  9 |     <@footer class="my-footer">
     |     ^^^^^^^^
  10 |         Footer content
  11 |     </@footer>
  12 | </div>