packages/babel-preset-marko/test/fixtures-html/error-unknown-tag/template.marko(1,0): Could not find custom tag "some-tag".
> 1 | <some-tag/>
    | ^^^^^^^^^