packages/babel-plugin-marko/test/fixtures/error-fragment-tag-missing-content/template.marko(1,1): "fragment" tag must have children.
> 1 | <fragment key=1/>
    | ^^^^^^^^^^^^^^^^^