packages/babel-preset-marko/test/fixtures-html/error-style-file-and-inline/template.marko(1,0): A Marko file can either have an inline style block, or an external "style.ext" file, but not both.
> 1 | style {
> 2 |   body {
> 3 |     color: green;
> 4 |   }
> 5 | }
> 6 | 
> 7 | <div/>