packages/babel-preset-marko/test/fixtures-html/error-for-missing-attr/template.marko(1,0): Invalid 'for' tag, missing an 'of', 'in' or 'to' attribute.
> 1 | <for(x)>
    | ^^^^^^^^
  2 |   <div/>
  3 | </for>