packages/babel-preset-marko/test/fixtures-html/error-macro-invalid-attributes/template.marko(1,0): The "macro" tag can only have a "name" attribute.
> 1 | <macro(stuff) name="thing" x=1>
    | ^^^^^^^^^^^^^^^^^^^^^^^^^^^^^^^
  2 |   <div/>
  3 | </macro>