unknown node of type "HTMLElement" with constructor "Object"