packages/babel-preset-marko/test/fixtures-html/error-unclosed-tag/template.marko(1,0): Missing ending "div" tag
> 1 | <div>
> 2 |   <span/>