packages/babel-preset-marko/test/fixtures-html/error-static-tag-nested-content/template.marko(2,1): The "static" tag does not allow nested body content
  1 | static { console.log(x); }
> 2 |  <div/>
    | ^^^^^^^^^^^^^^^^^^^^^^^^^^^^^^^^^^^^^^^^^^^^^^
> 3 | 
    | ^