packages/babel-plugin-marko/test/fixtures/error-event-handler-value/template.marko(1,18): Cannot have both attribute arguments and a value.
> 1 | <div onClick('a')=b/>
    |                  ^