packages/babel-plugin-marko/test/fixtures/error-missing-entry-marko-json/template.marko(1,2): Could not find custom tag "some-tag".
> 1 | <some-tag/>
    |  ^^^^^^^^