packages/babel-plugin-marko/test/fixtures/error-class-private-properties/template.marko: Unknown PrivateName "#x"
  1 | class {
> 2 |   #x = 1;
    |   ^
  3 | }
  4 | <div/>