packages/babel-preset-marko/test/fixtures-html/error-style-block-root-only/template.marko(2,2): "style" tags must be at the root of your Marko template.
  1 | <div>
> 2 |   <style { div { color: green; } }/>
    |  ^^^^^^
  3 | </div>