packages/babel-preset-marko/test/fixtures-html/error-invalid-js/template.marko(1,5): Unexpected token
> 1 | $ x..y();
    |     ^
  2 | <div/>