Property value of ObjectProperty expected node to be of a type ["Expression","PatternLike"] but instead got null