packages/babel-preset-marko/test/fixtures/error-unclosed-tag/template.marko(1,1): Missing ending "div" tag
> 1 | <div>
    | ^^^^^^^^^^^^^^^^^^^^^^^^^^^^^^^^^^
> 2 |   <span/>
    | ^^^^^^^^^^