packages/babel-preset-marko/test/fixtures/error-macro-missing-name/template.marko(1,1): The "name" attribute is required on "macro" tags.
> 1 | <macro(stuff)>
    | ^^^^^^^^^^^^^^
  2 |   <div/>
  3 | </macro>