packages/babel-preset-marko/test/fixtures/error-scriptlets-not-supported/template.marko(1,1): Scriptlets are no longer supported.
> 1 | <% console.log(x) %>
    | ^^^^^^^^^^^^^^^^^^^^
  2 | <div/>