packages/babel-plugin-marko/test/fixtures/error-event-handler-value/template.marko(1,19): "onClick(handler, ...args)" does not accept a value.
> 1 | <div onClick('a')=b/>
    |                   ^