packages/babel-preset-marko/test/fixtures-html/error-multiple-inline-class/template.marko(7,1): A Marko component can only have one top level class.
   5 | }
   6 | 
>  7 | class {
     | ^^^^^^^^^^^^^^^^
>  8 |   onMount() {
     | ^^^^^^^^^^^^^
>  9 | 
     | ^^^^^^^^^^^^^
> 10 |   }
     | ^^^^^^^^^^^^^
> 11 | }
     | ^^^^^^^^^^^^^
> 12 | 
     | ^^^^^^^^^^^^^
> 13 | <div/>
     | ^