packages/babel-plugin-marko/test/fixtures/error-unknown-tag/template.marko(1,2): Could not find custom tag "some-tag".
> 1 | <some-tag/>
    |  ^^^^^^^^