Invalid tag file: /Users/dpiercey/Development/github/x/packages/babel-plugin-marko/test/fixtures/error-missing-entry-marko-tag-json/components/some-tag/marko-tag.json. Neither a renderer or a template was found for tag. {
  "@a": "string"
}