packages/babel-preset-marko/test/fixtures-html/error-unknown-modifier/template.marko(1,5): Unsupported modifier "n-update".
> 1 | <div value:n-update=1/>
    |     ^^^^^^^^^^^^^^^^