packages/babel-preset-marko/test/fixtures-html/at-tag-inside-if-tag/template.marko(3,4): TODO: dynamic @tags.
  1 | <custom-tag>
  2 |   <if=x>
> 3 |     <@thing x=1>Hello</@thing>
    |    ^^^^^^^^^^^^^^^^^^^^^^^^^^
  4 |   </if>
  5 | </custom-tag>